22:51:24:577  INFO 31260 --- [main] com.hmall.HMallApplication               : Starting HMallApplication using Java 17.0.12 on WuJiaoHuang with PID 31260 (D:\HuaweiMoveData\Users\HW\Desktop\day03-微服务01\资料\hmall\hm-service\target\classes started by HW in D:\HuaweiMoveData\Users\HW\Desktop\day03-微服务01\资料\hmall)
22:51:24:579 DEBUG 31260 --- [main] com.hmall.HMallApplication               : Running with Spring Boot v2.7.12, Spring v5.3.27
22:51:24:579  INFO 31260 --- [main] com.hmall.HMallApplication               : The following 1 profile is active: "local"
22:51:26:340  INFO 31260 --- [main] .s.d.r.c.RepositoryConfigurationDelegate : Multiple Spring Data modules found, entering strict repository configuration mode
22:51:26:342  INFO 31260 --- [main] .s.d.r.c.RepositoryConfigurationDelegate : Bootstrapping Spring Data Redis repositories in DEFAULT mode.
22:51:26:372  INFO 31260 --- [main] .s.d.r.c.RepositoryConfigurationDelegate : Finished Spring Data repository scanning in 17 ms. Found 0 Redis repository interfaces.
22:51:27:221  INFO 31260 --- [main] o.s.b.w.embedded.tomcat.TomcatWebServer  : Tomcat initialized with port(s): 8080 (http)
22:51:27:222  INFO 31260 --- [main] o.a.catalina.core.AprLifecycleListener   : Loaded Apache Tomcat Native library [2.0.9] using APR version [1.7.6].
22:51:27:223  INFO 31260 --- [main] o.a.catalina.core.AprLifecycleListener   : APR capabilities: IPv6 [true], sendfile [true], accept filters [false], random [true], UDS [true].
22:51:27:223  INFO 31260 --- [main] o.a.catalina.core.AprLifecycleListener   : APR/OpenSSL configuration: useAprConnector [false], useOpenSSL [true]
22:51:27:227  INFO 31260 --- [main] o.a.catalina.core.AprLifecycleListener   : OpenSSL successfully initialized [OpenSSL 3.5.0 8 Apr 2025]
22:51:27:236  INFO 31260 --- [main] o.apache.catalina.core.StandardService   : Starting service [Tomcat]
22:51:27:236  INFO 31260 --- [main] org.apache.catalina.core.StandardEngine  : Starting Servlet engine: [Apache Tomcat/9.0.75]
22:51:27:363  INFO 31260 --- [main] o.a.c.c.C.[Tomcat].[localhost].[/]       : Initializing Spring embedded WebApplicationContext
22:51:27:363  INFO 31260 --- [main] w.s.c.ServletWebServerApplicationContext : Root WebApplicationContext: initialization completed in 2740 ms
22:51:28:510  INFO 31260 --- [main] pertySourcedRequestMappingHandlerMapping : Mapped URL path [/v2/api-docs] onto method [springfox.documentation.swagger2.web.Swagger2ControllerWebMvc#getDocumentation(String, HttpServletRequest)]
22:51:28:854  INFO 31260 --- [main] o.s.b.w.embedded.tomcat.TomcatWebServer  : Tomcat started on port(s): 8080 (http) with context path ''
22:51:28:854  INFO 31260 --- [main] d.s.w.p.DocumentationPluginsBootstrapper : Documentation plugins bootstrapped
22:51:28:856  INFO 31260 --- [main] d.s.w.p.DocumentationPluginsBootstrapper : Found 1 custom documentation plugin(s)
22:51:28:877  INFO 31260 --- [main] s.d.s.w.s.ApiListingReferenceScanner     : Scanning for api listing references
22:51:28:993  INFO 31260 --- [main] com.hmall.HMallApplication               : Started HMallApplication in 4.826 seconds (JVM running for 13.58)
22:52:31:423  INFO 31260 --- [http-nio-8080-exec-1] o.a.c.c.C.[Tomcat].[localhost].[/]       : Initializing Spring DispatcherServlet 'dispatcherServlet'
22:52:31:424  INFO 31260 --- [http-nio-8080-exec-1] o.s.web.servlet.DispatcherServlet        : Initializing Servlet 'dispatcherServlet'
22:52:31:425  INFO 31260 --- [http-nio-8080-exec-1] o.s.web.servlet.DispatcherServlet        : Completed initialization in 1 ms
11:43:50:615  INFO 25252 --- [main] com.hmall.HMallApplication               : Starting HMallApplication using Java 17.0.12 on WuJiaoHuang with PID 25252 (D:\HuaweiMoveData\Users\HW\Desktop\day03-微服务01\资料\hmall\hm-service\target\classes started by HW in D:\HuaweiMoveData\Users\HW\Desktop\day03-微服务01\资料\hmall)
11:43:50:622 DEBUG 25252 --- [main] com.hmall.HMallApplication               : Running with Spring Boot v2.7.12, Spring v5.3.27
11:43:50:622  INFO 25252 --- [main] com.hmall.HMallApplication               : The following 1 profile is active: "local"
11:43:51:850  INFO 25252 --- [main] .s.d.r.c.RepositoryConfigurationDelegate : Multiple Spring Data modules found, entering strict repository configuration mode
11:43:51:853  INFO 25252 --- [main] .s.d.r.c.RepositoryConfigurationDelegate : Bootstrapping Spring Data Redis repositories in DEFAULT mode.
11:43:51:883  INFO 25252 --- [main] .s.d.r.c.RepositoryConfigurationDelegate : Finished Spring Data repository scanning in 17 ms. Found 0 Redis repository interfaces.
11:43:52:552  INFO 25252 --- [main] o.s.b.w.embedded.tomcat.TomcatWebServer  : Tomcat initialized with port(s): 8080 (http)
11:43:52:553  INFO 25252 --- [main] o.a.catalina.core.AprLifecycleListener   : Loaded Apache Tomcat Native library [2.0.9] using APR version [1.7.6].
11:43:52:553  INFO 25252 --- [main] o.a.catalina.core.AprLifecycleListener   : APR capabilities: IPv6 [true], sendfile [true], accept filters [false], random [true], UDS [true].
11:43:52:554  INFO 25252 --- [main] o.a.catalina.core.AprLifecycleListener   : APR/OpenSSL configuration: useAprConnector [false], useOpenSSL [true]
11:43:52:557  INFO 25252 --- [main] o.a.catalina.core.AprLifecycleListener   : OpenSSL successfully initialized [OpenSSL 3.5.0 8 Apr 2025]
11:43:52:565  INFO 25252 --- [main] o.apache.catalina.core.StandardService   : Starting service [Tomcat]
11:43:52:566  INFO 25252 --- [main] org.apache.catalina.core.StandardEngine  : Starting Servlet engine: [Apache Tomcat/9.0.75]
11:43:52:698  INFO 25252 --- [main] o.a.c.c.C.[Tomcat].[localhost].[/]       : Initializing Spring embedded WebApplicationContext
11:43:52:698  INFO 25252 --- [main] w.s.c.ServletWebServerApplicationContext : Root WebApplicationContext: initialization completed in 2033 ms
11:43:53:945  INFO 25252 --- [main] pertySourcedRequestMappingHandlerMapping : Mapped URL path [/v2/api-docs] onto method [springfox.documentation.swagger2.web.Swagger2ControllerWebMvc#getDocumentation(String, HttpServletRequest)]
11:43:54:262  WARN 25252 --- [main] ConfigServletWebServerApplicationContext : Exception encountered during context initialization - cancelling refresh attempt: org.springframework.context.ApplicationContextException: Failed to start bean 'webServerStartStop'; nested exception is org.springframework.boot.web.server.PortInUseException: Port 8080 is already in use
11:43:54:275  INFO 25252 --- [main] o.apache.catalina.core.StandardService   : Stopping service [Tomcat]
11:43:54:283  INFO 25252 --- [main] ConditionEvaluationReportLoggingListener : 

Error starting ApplicationContext. To display the conditions report re-run your application with 'debug' enabled.
11:43:54:296 ERROR 25252 --- [main] o.s.b.d.LoggingFailureAnalysisReporter   : 

***************************
APPLICATION FAILED TO START
***************************

Description:

Web server failed to start. Port 8080 was already in use.

Action:

Identify and stop the process that's listening on port 8080 or configure this application to listen on another port.

11:45:23:285  INFO 24104 --- [main] com.hmall.HMallApplication               : Starting HMallApplication using Java 17.0.12 on WuJiaoHuang with PID 24104 (D:\HuaweiMoveData\Users\HW\Desktop\day03-微服务01\资料\hmall\hm-service\target\classes started by HW in D:\HuaweiMoveData\Users\HW\Desktop\day03-微服务01\资料\hmall)
11:45:23:287 DEBUG 24104 --- [main] com.hmall.HMallApplication               : Running with Spring Boot v2.7.12, Spring v5.3.27
11:45:23:288  INFO 24104 --- [main] com.hmall.HMallApplication               : The following 1 profile is active: "local"
11:45:23:887  INFO 24104 --- [main] .s.d.r.c.RepositoryConfigurationDelegate : Multiple Spring Data modules found, entering strict repository configuration mode
11:45:23:889  INFO 24104 --- [main] .s.d.r.c.RepositoryConfigurationDelegate : Bootstrapping Spring Data Redis repositories in DEFAULT mode.
11:45:23:914  INFO 24104 --- [main] .s.d.r.c.RepositoryConfigurationDelegate : Finished Spring Data repository scanning in 15 ms. Found 0 Redis repository interfaces.
11:45:24:410  INFO 24104 --- [main] o.s.b.w.embedded.tomcat.TomcatWebServer  : Tomcat initialized with port(s): 8080 (http)
11:45:24:411  INFO 24104 --- [main] o.a.catalina.core.AprLifecycleListener   : Loaded Apache Tomcat Native library [2.0.9] using APR version [1.7.6].
11:45:24:411  INFO 24104 --- [main] o.a.catalina.core.AprLifecycleListener   : APR capabilities: IPv6 [true], sendfile [true], accept filters [false], random [true], UDS [true].
11:45:24:411  INFO 24104 --- [main] o.a.catalina.core.AprLifecycleListener   : APR/OpenSSL configuration: useAprConnector [false], useOpenSSL [true]
11:45:24:414  INFO 24104 --- [main] o.a.catalina.core.AprLifecycleListener   : OpenSSL successfully initialized [OpenSSL 3.5.0 8 Apr 2025]
11:45:24:421  INFO 24104 --- [main] o.apache.catalina.core.StandardService   : Starting service [Tomcat]
11:45:24:421  INFO 24104 --- [main] org.apache.catalina.core.StandardEngine  : Starting Servlet engine: [Apache Tomcat/9.0.75]
11:45:24:503  INFO 24104 --- [main] o.a.c.c.C.[Tomcat].[localhost].[/]       : Initializing Spring embedded WebApplicationContext
11:45:24:503  INFO 24104 --- [main] w.s.c.ServletWebServerApplicationContext : Root WebApplicationContext: initialization completed in 1178 ms
11:45:25:532  INFO 24104 --- [main] pertySourcedRequestMappingHandlerMapping : Mapped URL path [/v2/api-docs] onto method [springfox.documentation.swagger2.web.Swagger2ControllerWebMvc#getDocumentation(String, HttpServletRequest)]
11:45:25:794  WARN 24104 --- [main] ConfigServletWebServerApplicationContext : Exception encountered during context initialization - cancelling refresh attempt: org.springframework.context.ApplicationContextException: Failed to start bean 'webServerStartStop'; nested exception is org.springframework.boot.web.server.PortInUseException: Port 8080 is already in use
11:45:25:806  INFO 24104 --- [main] o.apache.catalina.core.StandardService   : Stopping service [Tomcat]
11:45:25:813  INFO 24104 --- [main] ConditionEvaluationReportLoggingListener : 

Error starting ApplicationContext. To display the conditions report re-run your application with 'debug' enabled.
11:45:25:823 ERROR 24104 --- [main] o.s.b.d.LoggingFailureAnalysisReporter   : 

***************************
APPLICATION FAILED TO START
***************************

Description:

Web server failed to start. Port 8080 was already in use.

Action:

Identify and stop the process that's listening on port 8080 or configure this application to listen on another port.

11:45:33:154  INFO 3352 --- [main] com.hmall.HMallApplication               : Starting HMallApplication using Java 17.0.12 on WuJiaoHuang with PID 3352 (D:\HuaweiMoveData\Users\HW\Desktop\day03-微服务01\资料\hmall\hm-service\target\classes started by HW in D:\HuaweiMoveData\Users\HW\Desktop\day03-微服务01\资料\hmall)
11:45:33:156 DEBUG 3352 --- [main] com.hmall.HMallApplication               : Running with Spring Boot v2.7.12, Spring v5.3.27
11:45:33:157  INFO 3352 --- [main] com.hmall.HMallApplication               : The following 1 profile is active: "local"
11:45:33:817  INFO 3352 --- [main] .s.d.r.c.RepositoryConfigurationDelegate : Multiple Spring Data modules found, entering strict repository configuration mode
11:45:33:820  INFO 3352 --- [main] .s.d.r.c.RepositoryConfigurationDelegate : Bootstrapping Spring Data Redis repositories in DEFAULT mode.
11:45:33:849  INFO 3352 --- [main] .s.d.r.c.RepositoryConfigurationDelegate : Finished Spring Data repository scanning in 17 ms. Found 0 Redis repository interfaces.
11:45:34:374  INFO 3352 --- [main] o.s.b.w.embedded.tomcat.TomcatWebServer  : Tomcat initialized with port(s): 8080 (http)
11:45:34:375  INFO 3352 --- [main] o.a.catalina.core.AprLifecycleListener   : Loaded Apache Tomcat Native library [2.0.9] using APR version [1.7.6].
11:45:34:375  INFO 3352 --- [main] o.a.catalina.core.AprLifecycleListener   : APR capabilities: IPv6 [true], sendfile [true], accept filters [false], random [true], UDS [true].
11:45:34:375  INFO 3352 --- [main] o.a.catalina.core.AprLifecycleListener   : APR/OpenSSL configuration: useAprConnector [false], useOpenSSL [true]
11:45:34:378  INFO 3352 --- [main] o.a.catalina.core.AprLifecycleListener   : OpenSSL successfully initialized [OpenSSL 3.5.0 8 Apr 2025]
11:45:34:383  INFO 3352 --- [main] o.apache.catalina.core.StandardService   : Starting service [Tomcat]
11:45:34:383  INFO 3352 --- [main] org.apache.catalina.core.StandardEngine  : Starting Servlet engine: [Apache Tomcat/9.0.75]
11:45:34:469  INFO 3352 --- [main] o.a.c.c.C.[Tomcat].[localhost].[/]       : Initializing Spring embedded WebApplicationContext
11:45:34:469  INFO 3352 --- [main] w.s.c.ServletWebServerApplicationContext : Root WebApplicationContext: initialization completed in 1267 ms
11:45:35:519  INFO 3352 --- [main] pertySourcedRequestMappingHandlerMapping : Mapped URL path [/v2/api-docs] onto method [springfox.documentation.swagger2.web.Swagger2ControllerWebMvc#getDocumentation(String, HttpServletRequest)]
11:45:35:810  INFO 3352 --- [main] o.s.b.w.embedded.tomcat.TomcatWebServer  : Tomcat started on port(s): 8080 (http) with context path ''
11:45:35:811  INFO 3352 --- [main] d.s.w.p.DocumentationPluginsBootstrapper : Documentation plugins bootstrapped
11:45:35:813  INFO 3352 --- [main] d.s.w.p.DocumentationPluginsBootstrapper : Found 1 custom documentation plugin(s)
11:45:35:837  INFO 3352 --- [main] s.d.s.w.s.ApiListingReferenceScanner     : Scanning for api listing references
11:45:35:965  INFO 3352 --- [main] com.hmall.HMallApplication               : Started HMallApplication in 3.195 seconds (JVM running for 3.51)
