16:20:01:514  INFO 25928 --- [main] com.hmall.cart.CartApplication           : Starting CartApplication using Java 17.0.12 on WuJiaoHuang with PID 25928 (D:\HuaweiMoveData\Users\HW\Desktop\day03-微服务01\资料\hmall\cart-service\target\classes started by HW in D:\HuaweiMoveData\Users\HW\Desktop\day03-微服务01\资料\hmall)
16:20:01:521 DEBUG 25928 --- [main] com.hmall.cart.CartApplication           : Running with Spring Boot v2.7.12, Spring v5.3.27
16:20:01:522  INFO 25928 --- [main] com.hmall.cart.CartApplication           : The following 1 profile is active: "local"
16:20:02:301  INFO 25928 --- [main] .s.d.r.c.RepositoryConfigurationDelegate : Multiple Spring Data modules found, entering strict repository configuration mode
16:20:02:303  INFO 25928 --- [main] .s.d.r.c.RepositoryConfigurationDelegate : Bootstrapping Spring Data Redis repositories in DEFAULT mode.
16:20:02:324  INFO 25928 --- [main] .s.d.r.c.RepositoryConfigurationDelegate : Finished Spring Data repository scanning in 8 ms. Found 0 Redis repository interfaces.
16:20:02:994  INFO 25928 --- [main] o.s.b.w.embedded.tomcat.TomcatWebServer  : Tomcat initialized with port(s): 8082 (http)
16:20:02:995  INFO 25928 --- [main] o.a.catalina.core.AprLifecycleListener   : Loaded Apache Tomcat Native library [2.0.9] using APR version [1.7.6].
16:20:02:995  INFO 25928 --- [main] o.a.catalina.core.AprLifecycleListener   : APR capabilities: IPv6 [true], sendfile [true], accept filters [false], random [true], UDS [true].
16:20:02:995  INFO 25928 --- [main] o.a.catalina.core.AprLifecycleListener   : APR/OpenSSL configuration: useAprConnector [false], useOpenSSL [true]
16:20:02:999  INFO 25928 --- [main] o.a.catalina.core.AprLifecycleListener   : OpenSSL successfully initialized [OpenSSL 3.5.0 8 Apr 2025]
16:20:03:007  INFO 25928 --- [main] o.apache.catalina.core.StandardService   : Starting service [Tomcat]
16:20:03:007  INFO 25928 --- [main] org.apache.catalina.core.StandardEngine  : Starting Servlet engine: [Apache Tomcat/9.0.75]
16:20:03:122  INFO 25928 --- [main] o.a.c.c.C.[Tomcat].[localhost].[/]       : Initializing Spring embedded WebApplicationContext
16:20:03:122  INFO 25928 --- [main] w.s.c.ServletWebServerApplicationContext : Root WebApplicationContext: initialization completed in 1547 ms
16:20:04:163  INFO 25928 --- [main] pertySourcedRequestMappingHandlerMapping : Mapped URL path [/v2/api-docs] onto method [springfox.documentation.swagger2.web.Swagger2ControllerWebMvc#getDocumentation(String, HttpServletRequest)]
16:20:04:519  INFO 25928 --- [main] o.s.b.w.embedded.tomcat.TomcatWebServer  : Tomcat started on port(s): 8082 (http) with context path ''
16:20:04:520  INFO 25928 --- [main] d.s.w.p.DocumentationPluginsBootstrapper : Documentation plugins bootstrapped
16:20:04:521  INFO 25928 --- [main] d.s.w.p.DocumentationPluginsBootstrapper : Found 1 custom documentation plugin(s)
16:20:04:544  INFO 25928 --- [main] s.d.s.w.s.ApiListingReferenceScanner     : Scanning for api listing references
16:20:04:647  INFO 25928 --- [main] com.hmall.cart.CartApplication           : Started CartApplication in 3.65 seconds (JVM running for 10.199)
17:16:14:248  INFO 27664 --- [main] com.hmall.cart.CartApplication           : Starting CartApplication using Java 17.0.12 on WuJiaoHuang with PID 27664 (D:\HuaweiMoveData\Users\HW\Desktop\day03-微服务01\资料\hmall\cart-service\target\classes started by HW in D:\HuaweiMoveData\Users\HW\Desktop\day03-微服务01\资料\hmall)
17:16:14:249 DEBUG 27664 --- [main] com.hmall.cart.CartApplication           : Running with Spring Boot v2.7.12, Spring v5.3.27
17:16:14:250  INFO 27664 --- [main] com.hmall.cart.CartApplication           : The following 1 profile is active: "local"
17:16:14:774  INFO 27664 --- [main] .s.d.r.c.RepositoryConfigurationDelegate : Multiple Spring Data modules found, entering strict repository configuration mode
17:16:14:776  INFO 27664 --- [main] .s.d.r.c.RepositoryConfigurationDelegate : Bootstrapping Spring Data Redis repositories in DEFAULT mode.
17:16:14:791  INFO 27664 --- [main] .s.d.r.c.RepositoryConfigurationDelegate : Finished Spring Data repository scanning in 6 ms. Found 0 Redis repository interfaces.
17:16:15:227  INFO 27664 --- [main] o.s.b.w.embedded.tomcat.TomcatWebServer  : Tomcat initialized with port(s): 8082 (http)
17:16:15:228  INFO 27664 --- [main] o.a.catalina.core.AprLifecycleListener   : Loaded Apache Tomcat Native library [2.0.9] using APR version [1.7.6].
17:16:15:228  INFO 27664 --- [main] o.a.catalina.core.AprLifecycleListener   : APR capabilities: IPv6 [true], sendfile [true], accept filters [false], random [true], UDS [true].
17:16:15:228  INFO 27664 --- [main] o.a.catalina.core.AprLifecycleListener   : APR/OpenSSL configuration: useAprConnector [false], useOpenSSL [true]
17:16:15:230  INFO 27664 --- [main] o.a.catalina.core.AprLifecycleListener   : OpenSSL successfully initialized [OpenSSL 3.5.0 8 Apr 2025]
17:16:15:237  INFO 27664 --- [main] o.apache.catalina.core.StandardService   : Starting service [Tomcat]
17:16:15:237  INFO 27664 --- [main] org.apache.catalina.core.StandardEngine  : Starting Servlet engine: [Apache Tomcat/9.0.75]
17:16:15:319  INFO 27664 --- [main] o.a.c.c.C.[Tomcat].[localhost].[/]       : Initializing Spring embedded WebApplicationContext
17:16:15:319  INFO 27664 --- [main] w.s.c.ServletWebServerApplicationContext : Root WebApplicationContext: initialization completed in 1031 ms
17:16:16:006  INFO 27664 --- [main] pertySourcedRequestMappingHandlerMapping : Mapped URL path [/v2/api-docs] onto method [springfox.documentation.swagger2.web.Swagger2ControllerWebMvc#getDocumentation(String, HttpServletRequest)]
17:16:16:251  INFO 27664 --- [main] o.s.b.w.embedded.tomcat.TomcatWebServer  : Tomcat started on port(s): 8082 (http) with context path ''
17:16:16:252  INFO 27664 --- [main] d.s.w.p.DocumentationPluginsBootstrapper : Documentation plugins bootstrapped
17:16:16:253  INFO 27664 --- [main] d.s.w.p.DocumentationPluginsBootstrapper : Found 1 custom documentation plugin(s)
17:16:16:269  INFO 27664 --- [main] s.d.s.w.s.ApiListingReferenceScanner     : Scanning for api listing references
17:16:16:328  INFO 27664 --- [main] com.hmall.cart.CartApplication           : Started CartApplication in 2.39 seconds (JVM running for 2.65)
